[oakleafscouts.com/index.html]
[backblue.gif]
[fade.gif]
[index.html]
[oakleafscouts.com/wp-content/plugins/the-events-calendar/common/src/resources/css/reset.min8d9d.css]
[oakleafscouts.com/wp-content/plugins/the-events-calendar/common/src/resources/css/common.min8d9d.css]
[oakleafscouts.com/wp-content/plugins/the-events-calendar/common/src/resources/css/tooltip.min8d9d.css]
[oakleafscouts.com/feed/index.html]
[oakleafscouts.com/events/indexedf3.html]
[oakleafscouts.com/comments/feed/index.html]
[oakleafscouts.com/wp-includes/css/dist/block-library/style.min6e7a.css]
[oakleafscouts.com/wp-includes/css/dist/block-library/theme.min6e7a.css]
[oakleafscouts.com/wp-includes/css/dashicons.min6e7a.css]
[oakleafscouts.com/wp-content/plugins/wp-travel/assets/css/wp-travel-front-end.min05da.css]
[oakleafscouts.com/wp-content/plugins/wp-travel/assets/css/magnific-popup.min05da.css]
[oakleafscouts.com/wp-content/plugins/wp-travel/assets/css/easy-responsive-tabs.min05da.css]
[oakleafscouts.com/wp-content/plugins/wp-travel/assets/css/wp-travel-itineraries.min05da.css]
[oakleafscouts.com/wp-content/plugins/wp-travel/assets/css/lib/font-awesome/css/fontawesome-all.min05da.css]
[oakleafscouts.com/wp-content/plugins/wp-travel/assets/css/lib/font-awesome/css/wp-travel-fa-icons.min05da.css]
[oakleafscouts.com/wp-content/plugins/wp-travel/assets/css/wp-travel-user-styles.min05da.css]
[oakleafscouts.com/wp-content/plugins/wp-travel/assets/css/lib/datepicker/datepicker.min05da.css]
[oakleafscouts.com/wp-content/plugins/contact-form-7/includes/css/styles38c6.css]
[oakleafscouts.com/wp-content/plugins/square-sync/square-syncb3e8.css]
[oakleafscouts.com/wp-content/plugins/elementor/assets/lib/font-awesome/css/font-awesome.min1849.css]
[oakleafscouts.com/wp-content/themes/travel-ultimate/assets/css/wp-travel-front-end.min6e7a.css]
[oakleafscouts.com/wp-content/themes/travel-ultimate/assets/css/slick.min6e7a.css]
[oakleafscouts.com/wp-content/themes/travel-ultimate/assets/css/slick-theme.min6e7a.css]
[oakleafscouts.com/wp-content/themes/travel-ultimate/assets/css/blocks.min6e7a.css]
[oakleafscouts.com/wp-content/themes/travel-ultimate/style6e7a.css]
[oakleafscouts.com/wp-content/plugins/jetpack/css/jetpack4fc4.css]
[oakleafscouts.com/wp-includes/js/jquery/jquery4a5f.js]
[oakleafscouts.com/wp-includes/js/jquery/jquery-migrate.min330a.js]
[oakleafscouts.com/xmlrpc0db0.php]
[oakleafscouts.com/wp-includes/wlwmanifest.xml]
[oakleafscouts.com/wp-json/index.html]
[oakleafscouts.com/wp-json/oembed/1.0/embed21a7.json]
[oakleafscouts.com/wp-json/oembed/1.0/embedabfb]
[oakleafscouts.com/wp-content/plugins/the-events-calendar/common/src/resources/js/tribe-common.min8d9d.js]
[oakleafscouts.com/wp-json/tribe/events/v1/index.html]
[oakleafscouts.com/wp-content/plugins/the-events-calendar/common/src/resources/js/tooltip.min8d9d.js]
[oakleafscouts.com/wp-content/plugins/jetpack/_inc/build/photon/photon.min1c52.js]
[oakleafscouts.com/meet-the-pack/index.html]
[oakleafscouts.com/events/index.html]
[oakleafscouts.com/contact-us/index.html]
[oakleafscouts.com/wp-content/plugins/wp-travel/assets/js/wp-travel-view-mode.min05da.js]
[oakleafscouts.com/wp-includes/js/jquery/ui/core.mine899.js]
[oakleafscouts.com/wp-includes/js/jquery/ui/widget.mine899.js]
[oakleafscouts.com/wp-includes/js/jquery/ui/accordion.mine899.js]
[oakleafscouts.com/wp-content/plugins/wp-travel/assets/js/wp-travel-accordion.min05da.js]
[oakleafscouts.com/wp-includes/js/jquery/ui/mouse.mine899.js]
[oakleafscouts.com/wp-includes/js/jquery/ui/slider.mine899.js]
[oakleafscouts.com/wp-content/plugins/the-events-calendar/common/src/resources/js/underscore-before.js]
[oakleafscouts.com/wp-includes/js/underscore.min4511.js]
[oakleafscouts.com/wp-content/plugins/the-events-calendar/common/src/resources/js/underscore-after.js]
[oakleafscouts.com/wp-includes/js/wp-util.min6e7a.js]
[oakleafscouts.com/wp-content/plugins/wp-travel/assets/js/wp-travel-widgets.min05da.js]
[oakleafscouts.com/wp-content/plugins/wp-travel/assets/js/lib/datepicker/datepicker05da.js]
[oakleafscouts.com/wp-content/plugins/wp-travel/assets/js/lib/datepicker/i18n/datepicker.en05da.js]
[oakleafscouts.com/wp-content/plugins/contact-form-7/includes/js/scripts38c6.js]
[oakleafscouts.com/wp-content/plugins/jetpack/modules/wpgroho6e7a.js]
[oakleafscouts.com/wp-content/themes/travel-ultimate/assets/js/skip-link-focus-fix.minb7d3.js]
[oakleafscouts.com/wp-content/themes/travel-ultimate/assets/js/navigation.min4a7d.js]
[oakleafscouts.com/wp-content/plugins/elementor/assets/lib/slick/slick.minc245.js]
[oakleafscouts.com/wp-content/themes/travel-ultimate/assets/js/jquery-matchHeight.min6e7a.js]
[oakleafscouts.com/wp-content/themes/travel-ultimate/assets/js/custom.min4a7d.js]
[oakleafscouts.com/wp-content/plugins/jetpack/_inc/build/lazy-images/js/lazy-images.min4fc4.js]
[oakleafscouts.com/wp-includes/js/wp-embed.min6e7a.js]
[oakleafscouts.com/wp-content/plugins/jetpack/modules/theme-tools/responsive-videos/responsive-videos.min4e44.js]
[oakleafscouts.com/index.html]
[oakleafscouts.com/wp-content/plugins/the-events-calendar/common/src/resources/css/reset.min8d9d.css]
[oakleafscouts.com/wp-content/plugins/the-events-calendar/common/src/resources/css/common.min8d9d.css]
[oakleafscouts.com/wp-content/plugins/the-events-calendar/common/src/resources/css/tooltip.min8d9d.css]
[oakleafscouts.com/wp-includes/css/dist/block-library/style.min6e7a.css]
[oakleafscouts.com/wp-includes/css/dist/block-library/theme.min6e7a.css]
[oakleafscouts.com/wp-content/plugins/wp-travel/inc/coupon/assets/css/wp-travel-coupons-frontend.min6e7a.css]
[oakleafscouts.com/wp-includes/fonts/dashicons2ce6.eot]
[oakleafscouts.com/wp-includes/css/dashicons.min6e7a.css]
[oakleafscouts.com/wp-includes/fonts/dashicons2ce6.ttf]
[oakleafscouts.com/wp-content/plugins/wp-travel/assets/fonts/icomoon4270.eot]
[oakleafscouts.com/wp-content/plugins/wp-travel/assets/fonts/icomoon4270.ttf]
[oakleafscouts.com/wp-content/plugins/wp-travel/assets/fonts/icomoon4270.woff]
[oakleafscouts.com/wp-content/plugins/wp-travel/assets/css/wp-travel-front-end.min05da.css]
[oakleafscouts.com/wp-content/plugins/wp-travel/assets/css/magnific-popup.min05da.css]
[oakleafscouts.com/wp-content/plugins/wp-travel/assets/css/easy-responsive-tabs.min05da.css]
[oakleafscouts.com/wp-content/plugins/wp-travel/assets/css/wp-travel-itineraries.min05da.css]
[oakleafscouts.com/wp-content/plugins/wp-travel/assets/css/lib/font-awesome/webfonts/fa-brands-400.eot]
[oakleafscouts.com/wp-content/plugins/wp-travel/assets/css/lib/font-awesome/webfonts/fa-brands-400d41d.eot]
[oakleafscouts.com/wp-content/plugins/wp-travel/assets/css/lib/font-awesome/webfonts/fa-brands-400.woff2]
[oakleafscouts.com/wp-content/plugins/wp-travel/assets/css/lib/font-awesome/webfonts/fa-brands-400.woff]
[oakleafscouts.com/wp-content/plugins/wp-travel/assets/css/lib/font-awesome/webfonts/fa-brands-400.ttf]
[oakleafscouts.com/wp-content/plugins/wp-travel/assets/css/lib/font-awesome/webfonts/fa-regular-400.eot]
[oakleafscouts.com/wp-content/plugins/wp-travel/assets/css/lib/font-awesome/webfonts/fa-regular-400d41d.eot]
[oakleafscouts.com/wp-content/plugins/wp-travel/assets/css/lib/font-awesome/webfonts/fa-regular-400.woff2]
[oakleafscouts.com/wp-content/plugins/wp-travel/assets/css/lib/font-awesome/webfonts/fa-regular-400.woff]
[oakleafscouts.com/wp-content/plugins/wp-travel/assets/css/lib/font-awesome/webfonts/fa-regular-400.ttf]
[oakleafscouts.com/wp-content/plugins/wp-travel/assets/css/lib/font-awesome/webfonts/fa-solid-900.eot]
[oakleafscouts.com/wp-content/plugins/wp-travel/assets/css/lib/font-awesome/webfonts/fa-solid-900d41d.eot]
[oakleafscouts.com/wp-content/plugins/wp-travel/assets/css/lib/font-awesome/webfonts/fa-solid-900.woff2]
[oakleafscouts.com/wp-content/plugins/wp-travel/assets/css/lib/font-awesome/webfonts/fa-solid-900.woff]
[oakleafscouts.com/wp-content/plugins/wp-travel/assets/css/lib/font-awesome/webfonts/fa-solid-900.ttf]
[oakleafscouts.com/wp-content/plugins/wp-travel/assets/css/lib/font-awesome/css/fontawesome-all.min05da.css]
[oakleafscouts.com/wp-content/plugins/wp-travel/assets/css/lib/font-awesome/css/wp-travel-fa-icons.min05da.css]
[oakleafscouts.com/wp-content/plugins/wp-travel/assets/css/wp-travel-user-styles.min05da.css]
[oakleafscouts.com/wp-content/plugins/wp-travel/assets/css/lib/datepicker/datepicker.min05da.css]
[oakleafscouts.com/wp-content/plugins/contact-form-7/images/ajax-loader.gif]
[oakleafscouts.com/wp-content/plugins/contact-form-7/includes/css/styles38c6.css]
[oakleafscouts.com/wp-content/plugins/square-sync/square-syncb3e8.css]
[oakleafscouts.com/wp-content/plugins/elementor/assets/lib/font-awesome/fonts/fontawesome-webfont3e6e.eot]
[oakleafscouts.com/wp-content/plugins/elementor/assets/lib/font-awesome/fonts/fontawesome-webfontd41d.eot]
[oakleafscouts.com/wp-content/plugins/elementor/assets/lib/font-awesome/fonts/fontawesome-webfont3e6e.woff2]
[oakleafscouts.com/wp-content/plugins/elementor/assets/lib/font-awesome/fonts/fontawesome-webfont3e6e.woff]
[oakleafscouts.com/wp-content/plugins/elementor/assets/lib/font-awesome/fonts/fontawesome-webfont3e6e.ttf]
[oakleafscouts.com/wp-content/plugins/elementor/assets/lib/font-awesome/css/font-awesome.min1849.css]
[oakleafscouts.com/wp-content/themes/travel-ultimate/assets/css/wp-travel-front-end.min6e7a.css]
[oakleafscouts.com/wp-content/themes/travel-ultimate/assets/css/slick.min6e7a.css]
[oakleafscouts.com/wp-content/themes/travel-ultimate/assets/fonts/ajax-loader.gif]
[oakleafscouts.com/wp-content/themes/travel-ultimate/assets/fonts/slick.eot]
[oakleafscouts.com/wp-content/themes/travel-ultimate/assets/fonts/slickd41d.eot]
[oakleafscouts.com/wp-content/themes/travel-ultimate/assets/fonts/slick.woff]
[oakleafscouts.com/wp-content/themes/travel-ultimate/assets/fonts/slick.ttf]
[oakleafscouts.com/wp-content/themes/travel-ultimate/assets/css/slick-theme.min6e7a.css]
[oakleafscouts.com/wp-content/themes/travel-ultimate/assets/css/blocks.min6e7a.css]
[oakleafscouts.com/wp-content/themes/travel-ultimate/assets/uploads/pattern.png]
[oakleafscouts.com/wp-content/themes/travel-ultimate/assets/uploads/gray-pattern.png]
[oakleafscouts.com/wp-content/themes/travel-ultimate/style6e7a.css]
[oakleafscouts.com/wp-content/plugins/jetpack/modules/carousel/images/arrows.png]
[oakleafscouts.com/wp-content/plugins/jetpack/modules/carousel/images/arrows-2x.png]
[oakleafscouts.com/wp-content/plugins/jetpack/modules/carousel/images/carousel-spritee4da.png]
[oakleafscouts.com/wp-content/plugins/jetpack/modules/carousel/images/carousel-sprite-2xe4da.png]
[oakleafscouts.com/wp-content/plugins/jetpack/modules/shortcodes/img/slideshow-controls.png]
[oakleafscouts.com/wp-content/plugins/jetpack/modules/shortcodes/img/slideshow-controls-2x.png]
[oakleafscouts.com/wp-content/plugins/jetpack/modules/shortcodes/images/slide-nav.png]
[oakleafscouts.com/wp-content/plugins/jetpack/modules/shortcodes/images/expand.png]
[oakleafscouts.com/wp-content/plugins/jetpack/css/jetpack4fc4.css]
[oakleafscouts.com/wp-includes/js/jquery/jquery4a5f.js]
[oakleafscouts.com/wp-includes/js/jquery/jquery-migrate.min330a.js]
[oakleafscouts.com/wp-content/plugins/jetpack/modules/shortcodes/images/collapse.png]
[oakleafscouts.com/wp-json/oembed/1.0/embed162a.json]
[oakleafscouts.com/wp-json/oembed/1.0/embed4634]
[oakleafscouts.com/meet-the-pack/index.html]
[oakleafscouts.com/wp-content/uploads/2019/03/cropped-SlimeAndScouts-e1552322490886.jpg]
[oakleafscouts.com/wp-content/plugins/the-events-calendar/common/src/resources/css/accessibility.min8d9d.css]
[oakleafscouts.com/wp-content/plugins/the-events-calendar/src/resources/css/tribe-events-full.min5010.css]
[oakleafscouts.com/wp-content/plugins/the-events-calendar/vendor/jquery/smoothness/jquery-ui-1.8.23.custom5010.css]
[oakleafscouts.com/events/feed/index.html]
[oakleafscouts.com/wp-content/plugins/the-events-calendar/vendor/bootstrap-datepicker/css/bootstrap-datepicker.standalone.min5010.css]
[oakleafscouts.com/wp-content/plugins/the-events-calendar/src/resources/css/tribe-events-theme.min5010.css]
[oakleafscouts.com/wp-content/plugins/the-events-calendar/src/resources/css/tribe-events-full-mobile.min5010.css]
[oakleafscouts.com/wp-content/plugins/the-events-calendar/src/resources/css/tribe-events-theme-mobile.min5010.css]
[oakleafscouts.com/wp-content/plugins/the-events-calendar/vendor/bootstrap-datepicker/js/bootstrap-datepicker.min5010.js]
[oakleafscouts.com/wp-content/plugins/the-events-calendar/vendor/jquery-resize/jquery.ba-resize.min5010.js]
[oakleafscouts.com/wp-content/plugins/the-events-calendar/vendor/jquery-placeholder/jquery.placeholder.min5010.js]
[oakleafscouts.com/wp-content/plugins/the-events-calendar/src/resources/js/tribe-events.min5010.js]
[oakleafscouts.com/wp-content/plugins/the-events-calendar/vendor/php-date-formatter/js/php-date-formatter.min5010.js]
[oakleafscouts.com/wp-content/plugins/the-events-calendar/common/vendor/momentjs/moment.min8d9d.js]
[oakleafscouts.com/wp-content/plugins/the-events-calendar/src/resources/js/events-dynamic.min5010.js]
[oakleafscouts.com/wp-content/plugins/the-events-calendar/src/resources/js/tribe-events-bar.min5010.js]
[oakleafscouts.com/wp-content/plugins/the-events-calendar/src/resources/js/tribe-events-ajax-list.min5010.js]
[oakleafscouts.com/events/index.html]
[oakleafscouts.com/pack-supporters/index.html]
[oakleafscouts.com/wp-json/oembed/1.0/embedd3c9.json]
[oakleafscouts.com/events/list/index9c29.html]
[oakleafscouts.com/contact-us/index.html]
[oakleafscouts.com/wp-content/plugins/the-events-calendar/common/src/resources/js/tribe-common.min8d9d.js]
[oakleafscouts.com/wp-content/plugins/the-events-calendar/common/src/resources/js/tooltip.min8d9d.js]
[oakleafscouts.com/wp-content/plugins/jetpack/_inc/build/photon/photon.min1c52.js]
[oakleafscouts.com/wp-content/plugins/wp-travel/inc/coupon/assets/js/wp-travel-coupons-frontend.min6e7a.js]
[oakleafscouts.com/wp-content/plugins/wp-travel/assets/js/wp-travel-view-mode.min05da.js]
[oakleafscouts.com/wp-includes/js/jquery/ui/core.mine899.js]
[oakleafscouts.com/wp-includes/js/jquery/ui/widget.mine899.js]
[oakleafscouts.com/wp-includes/js/jquery/ui/accordion.mine899.js]
[oakleafscouts.com/wp-content/plugins/wp-travel/assets/js/wp-travel-accordion.min05da.js]
[oakleafscouts.com/wp-includes/js/jquery/ui/mouse.mine899.js]
[oakleafscouts.com/wp-includes/js/jquery/ui/slider.mine899.js]
[oakleafscouts.com/wp-content/plugins/the-events-calendar/common/src/resources/js/underscore-before.js]
[oakleafscouts.com/wp-includes/js/underscore.min4511.js]
[oakleafscouts.com/wp-content/plugins/the-events-calendar/common/src/resources/js/underscore-after.js]
[oakleafscouts.com/wp-includes/js/wp-util.min6e7a.js]
[oakleafscouts.com/wp-content/plugins/wp-travel/assets/js/wp-travel-widgets.min05da.js]
[oakleafscouts.com/wp-content/plugins/wp-travel/assets/js/lib/datepicker/datepicker05da.js]
[oakleafscouts.com/wp-content/plugins/wp-travel/assets/js/lib/datepicker/i18n/datepicker.en05da.js]
[oakleafscouts.com/wp-content/plugins/contact-form-7/includes/js/scripts38c6.js]
[oakleafscouts.com/wp-content/plugins/jetpack/modules/wpgroho6e7a.js]
[oakleafscouts.com/wp-content/themes/travel-ultimate/assets/js/skip-link-focus-fix.minb7d3.js]
[oakleafscouts.com/wp-json/oembed/1.0/embed60ed]
[oakleafscouts.com/events/list/index.html]
[oakleafscouts.com/wp-content/themes/travel-ultimate/assets/js/navigation.min4a7d.js]
[oakleafscouts.com/wp-content/plugins/elementor/assets/lib/slick/slick.minc245.js]
[oakleafscouts.com/wp-content/themes/travel-ultimate/assets/js/jquery-matchHeight.min6e7a.js]
[oakleafscouts.com/wp-content/themes/travel-ultimate/assets/js/custom.min4a7d.js]
[oakleafscouts.com/wp-content/plugins/jetpack/_inc/build/lazy-images/js/lazy-images.min4fc4.js]
[oakleafscouts.com/wp-includes/js/wp-embed.min6e7a.js]
[oakleafscouts.com/wp-content/plugins/jetpack/modules/theme-tools/responsive-videos/responsive-videos.min4e44.js]
[oakleafscouts.com/wp-content/plugins/wp-travel/assets/fonts/icomoon4270.svg]
[oakleafscouts.com/wp-content/plugins/wp-travel/assets/css/lib/font-awesome/webfonts/fa-brands-400.svg]
[oakleafscouts.com/wp-content/plugins/wp-travel/assets/css/lib/font-awesome/webfonts/fa-regular-400.svg]
[oakleafscouts.com/wp-content/plugins/wp-travel/assets/css/lib/font-awesome/webfonts/fa-solid-900.svg]
[oakleafscouts.com/wp-content/plugins/elementor/assets/lib/font-awesome/fonts/fontawesome-webfont3e6e.svg]
[oakleafscouts.com/wp-content/themes/travel-ultimate/assets/fonts/icomoon4270.html]
[oakleafscouts.com/wp-content/themes/travel-ultimate/assets/fonts/icomoon4270-2.html]
[oakleafscouts.com/wp-content/themes/travel-ultimate/assets/fonts/icomoon4270-3.html]
[oakleafscouts.com/wp-content/themes/travel-ultimate/assets/fonts/icomoon4270-4.html]
[oakleafscouts.com/wp-content/themes/travel-ultimate/assets/fonts/slick.html]
[oakleafscouts.com/wp-content/themes/travel-ultimate/assets/uploads/down-arrow.svg]
[oakleafscouts.com/wp-content/plugins/the-events-calendar/common/src/resources/css/accessibility.min8d9d.css]
[oakleafscouts.com/wp-content/plugins/the-events-calendar/src/resources/images/tribe-tooltips.png]
[oakleafscouts.com/wp-content/plugins/the-events-calendar/src/resources/images/events-bar/icon-month.png]
[oakleafscouts.com/wp-content/plugins/the-events-calendar/src/resources/images/events-bar/icon-list.png]
[oakleafscouts.com/wp-content/plugins/the-events-calendar/src/resources/images/events-bar/icon-week.png]
[oakleafscouts.com/wp-content/plugins/the-events-calendar/src/resources/images/events-bar/icon-day.png]
[oakleafscouts.com/wp-content/plugins/the-events-calendar/src/resources/images/events-bar/icon-photo.png]
[oakleafscouts.com/wp-content/plugins/the-events-calendar/src/resources/images/events-bar/icon-map.png]
[oakleafscouts.com/wp-content/plugins/the-events-calendar/src/resources/images/tribe-tooltips@2x.png]
[oakleafscouts.com/wp-content/plugins/the-events-calendar/src/resources/images/events-bar/icon-search@2x.png]
[oakleafscouts.com/wp-content/plugins/the-events-calendar/src/resources/images/events-bar/icon-gear@2x.png]
[oakleafscouts.com/wp-content/plugins/the-events-calendar/common/vendor/tribe-select2/select2x2.png]
[oakleafscouts.com/wp-content/plugins/the-events-calendar/src/resources/images/events-bar/icon-month@2x.png]
[oakleafscouts.com/wp-content/plugins/the-events-calendar/src/resources/images/events-bar/icon-list@2x.png]
[oakleafscouts.com/wp-content/plugins/the-events-calendar/src/resources/images/events-bar/icon-week@2x.png]
[oakleafscouts.com/wp-content/plugins/the-events-calendar/src/resources/images/events-bar/icon-day@2x.png]
[oakleafscouts.com/wp-content/plugins/the-events-calendar/src/resources/images/events-bar/icon-photo@2x.png]
[oakleafscouts.com/wp-content/plugins/the-events-calendar/src/resources/images/events-bar/icon-map@2x.png]
[oakleafscouts.com/wp-content/plugins/the-events-calendar/src/resources/css/tribe-events-full.min5010.css]
[oakleafscouts.com/wp-content/plugins/the-events-calendar/vendor/jquery/smoothness/images/ui-bg_flat_75_ffffff_40x100.png]
[oakleafscouts.com/wp-content/plugins/the-events-calendar/vendor/jquery/smoothness/images/ui-bg_highlight-soft_75_cccccc_1x100.png]
[oakleafscouts.com/wp-content/plugins/the-events-calendar/vendor/jquery/smoothness/images/ui-bg_glass_75_e6e6e6_1x400.png]
[oakleafscouts.com/wp-content/plugins/the-events-calendar/vendor/jquery/smoothness/images/ui-bg_glass_75_dadada_1x400.png]
[oakleafscouts.com/wp-content/plugins/the-events-calendar/vendor/jquery/smoothness/images/ui-bg_glass_65_ffffff_1x400.png]
[oakleafscouts.com/wp-content/plugins/the-events-calendar/vendor/jquery/smoothness/images/ui-bg_glass_55_fbf9ee_1x400.png]
[oakleafscouts.com/wp-content/plugins/the-events-calendar/vendor/jquery/smoothness/images/ui-bg_glass_95_fef1ec_1x400.png]
[oakleafscouts.com/wp-content/plugins/the-events-calendar/vendor/jquery/smoothness/images/ui-icons_222222_256x240.png]
[oakleafscouts.com/wp-content/plugins/the-events-calendar/vendor/jquery/smoothness/images/ui-icons_888888_256x240.png]
[oakleafscouts.com/wp-content/plugins/the-events-calendar/vendor/jquery/smoothness/images/ui-icons_454545_256x240.png]
[oakleafscouts.com/wp-content/plugins/the-events-calendar/vendor/jquery/smoothness/images/ui-icons_2e83ff_256x240.png]
[oakleafscouts.com/wp-content/plugins/the-events-calendar/vendor/jquery/smoothness/images/ui-icons_cd0a0a_256x240.png]
[oakleafscouts.com/wp-content/plugins/the-events-calendar/vendor/jquery/smoothness/images/ui-bg_flat_0_aaaaaa_40x100.png]
[oakleafscouts.com/wp-content/plugins/the-events-calendar/vendor/jquery/smoothness/jquery-ui-1.8.23.custom5010.css]
[oakleafscouts.com/wp-content/plugins/the-events-calendar/vendor/bootstrap-datepicker/css/bootstrap-datepicker.standalone.min5010.css]
[oakleafscouts.com/wp-content/plugins/the-events-calendar/src/resources/images/tribe-theme/tribe-theme-tooltips.png]
[oakleafscouts.com/wp-content/plugins/the-events-calendar/src/resources/images/tribe-theme/tribe-theme-tooltips@2x.png]
[oakleafscouts.com/wp-content/plugins/the-events-calendar/src/resources/css/tribe-events-theme.min5010.css]
[oakleafscouts.com/wp-content/plugins/the-events-calendar/src/resources/css/tribe-events-full-mobile.min5010.css]
[oakleafscouts.com/wp-content/plugins/the-events-calendar/src/resources/css/tribe-events-theme-mobile.min5010.css]
[oakleafscouts.com/wp-content/plugins/the-events-calendar/vendor/bootstrap-datepicker/js/bootstrap-datepicker.min5010.js]
[oakleafscouts.com/wp-content/plugins/the-events-calendar/vendor/jquery-resize/jquery.ba-resize.min5010.js]
[oakleafscouts.com/wp-content/plugins/the-events-calendar/vendor/jquery-placeholder/jquery.placeholder.min5010.js]
[oakleafscouts.com/wp-content/plugins/the-events-calendar/src/resources/js/tribe-events.min5010.js]
[oakleafscouts.com/wp-content/plugins/the-events-calendar/vendor/php-date-formatter/js/php-date-formatter.min5010.js]
[oakleafscouts.com/wp-content/plugins/the-events-calendar/common/vendor/momentjs/moment.min8d9d.js]
[oakleafscouts.com/wp-content/plugins/the-events-calendar/src/resources/js/events-dynamic.min5010.js]
[oakleafscouts.com/wp-content/plugins/the-events-calendar/src/resources/js/tribe-events-bar.min5010.js]
[oakleafscouts.com/events/list/index.html]
[oakleafscouts.com/wp-content/plugins/the-events-calendar/src/resources/css/app/event-venue/frontend.min5010.css]
[oakleafscouts.com/wp-content/plugins/the-events-calendar/src/resources/css/app/event-links/frontend.min5010.css]
[oakleafscouts.com/wp-content/plugins/the-events-calendar/src/resources/css/app/event-datetime/frontend.min5010.css]
[oakleafscouts.com/events/list/index9c29.html]
[oakleafscouts.com/wp-content/plugins/the-events-calendar/src/resources/js/tribe-events-ajax-list.min5010.js]
[oakleafscouts.com/click.html]
[oakleafscouts.com/touchstart.html]
[oakleafscouts.com/resize.html]
[oakleafscouts.com/focus.tr blur.html]
[oakleafscouts.com/events/TEC Debug_ vendor bootstrapDatepicker was not loaded before its dependant file tribe-events-bar.html]
[oakleafscouts.com/events/TEC Debug_ vendor placeholder was not loaded before its dependant file tribe-events-bar.html]
[oakleafscouts.com/wp-content/plugins/the-events-calendar/src/resources/css/app/event-venue/frontend.min5010.css]
[oakleafscouts.com/wp-content/plugins/the-events-calendar/src/resources/css/app/event-links/frontend.min5010.css]
[oakleafscouts.com/wp-content/plugins/the-events-calendar/src/resources/css/app/event-datetime/frontend.min5010.css]
[oakleafscouts.com/wp-content/plugins/the-events-calendar/src/resources/css/app/classic-event-details/frontend.min5010.css]
[oakleafscouts.com/events/list/indexc64d.html]
[oakleafscouts.com/events/list/indexc64d.html]
[oakleafscouts.com/event/cub-scouts-ice-cream-social-den-meeting/index.html]
[oakleafscouts.com/wp-content/plugins/jetpack/_inc/build/related-posts/related-posts.min0ae6.js]
[oakleafscouts.com/wp-json/oembed/1.0/embedd4b6.json]
[oakleafscouts.com/wp-json/oembed/1.0/embed49b8]
[oakleafscouts.com/wp-json/tribe/events/v1/events/1783.json]
[oakleafscouts.com/event/cub-scouts-ice-cream-social-den-meeting/index.html]
[oakleafscouts.com/event/cub-scouts-ice-cream-social-den-meeting/indexedf3.html]
[oakleafscouts.com/wp-content/plugins/jetpack/_inc/build/related-posts/related-posts.min0ae6.js]
[oakleafscouts.com/events/category/den-meeting/index.html]
[oakleafscouts.com/tag/class-a/index.html]
[oakleafscouts.com/wp-content/plugins/the-events-calendar/common/src/modules/icons/link.svg]
[oakleafscouts.com/tag/class-a-uniforms/index.html]
[oakleafscouts.com/tag/den/index.html]
[oakleafscouts.com/tag/den-meeting/index.html]
[oakleafscouts.com/tag/donate/index.html]
[oakleafscouts.com/tag/donate-uniforms/index.html]
[oakleafscouts.com/tag/ice-cream/index.html]
[oakleafscouts.com/events/category/den-meeting/index.html]
[oakleafscouts.com/tag/uniform/index.html]
[oakleafscouts.com/tag/class-a/index.html]
[oakleafscouts.com/wp-json/tribe/events/v1/events/index790b.html]
[oakleafscouts.com/tag/uniforms/index.html]
[oakleafscouts.com/tag/class-a-uniforms/index.html]
[oakleafscouts.com/tag/den/index.html]
[oakleafscouts.com/events/category/den-meeting/list/index.html]
[oakleafscouts.com/tag/den-meeting/index.html]
[oakleafscouts.com/events/category/den-meeting/list/index9c29.html]
[oakleafscouts.com/tag/donate/index.html]
[oakleafscouts.com/tag/class-a/feed/index.html]
[oakleafscouts.com/wp-json/tribe/events/v1/events/index86a6.html]
[oakleafscouts.com/tag/donate-uniforms/index.html]
[oakleafscouts.com/tag/den/feed/index.html]
[oakleafscouts.com/tag/class-a-uniforms/feed/index.html]
[oakleafscouts.com/tag/ice-cream/index.html]
[oakleafscouts.com/wp-json/tribe/events/v1/events/index9d75.html]
[oakleafscouts.com/tag/uniform/index.html]
[oakleafscouts.com/tag/uniforms/index.html]
[oakleafscouts.com/wp-json/tribe/events/v1/events/indexb668.html]
[oakleafscouts.com/events/category/den-meeting/_http_/oakleafscouts.com/events/_Upcoming.html]
[oakleafscouts.com/tag/den-meeting/feed/index.html]
[oakleafscouts.com/wp-json/tribe/events/v1/events/index8ee0.html]
[oakleafscouts.com/tag/donate/feed/index.html]
[oakleafscouts.com/wp-json/tribe/events/v1/events/index9bb6.html]
[oakleafscouts.com/tag/ice-cream/feed/index.html]
[oakleafscouts.com/tag/donate-uniforms/feed/index.html]
[oakleafscouts.com/wp-json/tribe/events/v1/events/index7021.html]
[oakleafscouts.com/tag/uniform/feed/index.html]
[oakleafscouts.com/wp-json/tribe/events/v1/events/index72a6.html]
[oakleafscouts.com/wp-json/tribe/events/v1/events/indexc53a.html]
[oakleafscouts.com/events/category/den-meeting/list/index.html]
[oakleafscouts.com/tag/uniforms/feed/index.html]
[oakleafscouts.com/wp-json/tribe/events/v1/events/index4158.html]
[oakleafscouts.com/events/category/den-meeting/list/index9c29.html]
[oakleafscouts.com/2019/08/index.html]
[oakleafscouts.com/events/category/den-meeting/list/_http_/oakleafscouts.com/events/_Upcoming.html]
[oakleafscouts.com/events/category/den-meeting/list/_http_/oakleafscouts.com/events/_Past.html]
[oakleafscouts.com/events/category/den-meeting/list/indexc64d.html]
[oakleafscouts.com/events/category/den-meeting/list/indexc64d.html]
